------------------------------------------------------------
Timing Analyzer Summary
------------------------------------------------------------

Type  : Setup 'clockdivider:clk_outs_inst|JK_ff:tff26|q'
Slack : -1.647
TNS   : -3.211

Type  : Setup 'clockdivider:clk_outs_inst|JK_ff:tff27|q'
Slack : -1.231
TNS   : -1.231

Type  : Setup 'contador_3bits:counter_inst|JK_ff:jk_inst_Q1|q'
Slack : -1.214
TNS   : -1.214

Type  : Setup 'clockdivider:clk_outs_inst|JK_ff:tff25|q'
Slack : 0.209
TNS   : 0.000

Type  : Setup 'clockdivider:clk_outs_inst|JK_ff:tff1|q'
Slack : 0.458
TNS   : 0.000

Type  : Setup 'clockdivider:clk_outs_inst|JK_ff:tff12|q'
Slack : 0.466
TNS   : 0.000

Type  : Setup 'clockdivider:clk_outs_inst|JK_ff:tff14|q'
Slack : 0.466
TNS   : 0.000

Type  : Setup 'clockdivider:clk_outs_inst|JK_ff:tff21|q'
Slack : 0.466
TNS   : 0.000

Type  : Setup 'clockdivider:clk_outs_inst|JK_ff:tff6|q'
Slack : 0.466
TNS   : 0.000

Type  : Setup 'clockdivider:clk_outs_inst|JK_ff:tff10|q'
Slack : 0.467
TNS   : 0.000

Type  : Setup 'clockdivider:clk_outs_inst|JK_ff:tff16|q'
Slack : 0.467
TNS   : 0.000

Type  : Setup 'clockdivider:clk_outs_inst|JK_ff:tff18|q'
Slack : 0.467
TNS   : 0.000

Type  : Setup 'clockdivider:clk_outs_inst|JK_ff:tff23|q'
Slack : 0.467
TNS   : 0.000

Type  : Setup 'clockdivider:clk_outs_inst|JK_ff:tff4|q'
Slack : 0.467
TNS   : 0.000

Type  : Setup 'clockdivider:clk_outs_inst|JK_ff:tff8|q'
Slack : 0.467
TNS   : 0.000

Type  : Setup 'contador_3bits:counter_inst|JK_ff:jk_inst_Q0|q'
Slack : 0.556
TNS   : 0.000

Type  : Setup 'clockdivider:clk_outs_inst|JK_ff:tff3|q'
Slack : 0.808
TNS   : 0.000

Type  : Setup 'clockdivider:clk_outs_inst|JK_ff:tff17|q'
Slack : 0.818
TNS   : 0.000

Type  : Setup 'clockdivider:clk_outs_inst|JK_ff:tff2|q'
Slack : 0.818
TNS   : 0.000

Type  : Setup 'clockdivider:clk_outs_inst|JK_ff:tff24|q'
Slack : 0.819
TNS   : 0.000

Type  : Setup 'clockdivider:clk_outs_inst|JK_ff:tff9|q'
Slack : 0.819
TNS   : 0.000

Type  : Setup 'clockdivider:clk_outs_inst|JK_ff:tff15|q'
Slack : 0.825
TNS   : 0.000

Type  : Setup 'clockdivider:clk_outs_inst|JK_ff:tff22|q'
Slack : 0.825
TNS   : 0.000

Type  : Setup 'clockdivider:clk_outs_inst|JK_ff:tff7|q'
Slack : 0.825
TNS   : 0.000

Type  : Setup 'clockdivider:clk_outs_inst|JK_ff:tff19|q'
Slack : 0.903
TNS   : 0.000

Type  : Setup 'clockdivider:clk_outs_inst|JK_ff:tff11|q'
Slack : 1.117
TNS   : 0.000

Type  : Setup 'clockdivider:clk_outs_inst|JK_ff:tff20|q'
Slack : 1.247
TNS   : 0.000

Type  : Setup 'clockdivider:clk_outs_inst|JK_ff:tff13|q'
Slack : 1.400
TNS   : 0.000

Type  : Setup 'clockdivider:clk_outs_inst|JK_ff:tff5|q'
Slack : 1.667
TNS   : 0.000

Type  : Setup 'clk_ini'
Slack : 3.359
TNS   : 0.000

Type  : Hold 'clockdivider:clk_outs_inst|JK_ff:tff26|q'
Slack : -4.036
TNS   : -6.050

Type  : Hold 'clk_ini'
Slack : -3.413
TNS   : -3.413

Type  : Hold 'clockdivider:clk_outs_inst|JK_ff:tff27|q'
Slack : -2.362
TNS   : -2.362

Type  : Hold 'clockdivider:clk_outs_inst|JK_ff:tff5|q'
Slack : -1.721
TNS   : -1.721

Type  : Hold 'clockdivider:clk_outs_inst|JK_ff:tff13|q'
Slack : -1.454
TNS   : -1.454

Type  : Hold 'clockdivider:clk_outs_inst|JK_ff:tff20|q'
Slack : -1.301
TNS   : -1.301

Type  : Hold 'clockdivider:clk_outs_inst|JK_ff:tff11|q'
Slack : -1.171
TNS   : -1.171

Type  : Hold 'clockdivider:clk_outs_inst|JK_ff:tff19|q'
Slack : -0.957
TNS   : -0.957

Type  : Hold 'clockdivider:clk_outs_inst|JK_ff:tff15|q'
Slack : -0.879
TNS   : -0.879

Type  : Hold 'clockdivider:clk_outs_inst|JK_ff:tff22|q'
Slack : -0.879
TNS   : -0.879

Type  : Hold 'clockdivider:clk_outs_inst|JK_ff:tff7|q'
Slack : -0.879
TNS   : -0.879

Type  : Hold 'clockdivider:clk_outs_inst|JK_ff:tff24|q'
Slack : -0.873
TNS   : -0.873

Type  : Hold 'clockdivider:clk_outs_inst|JK_ff:tff9|q'
Slack : -0.873
TNS   : -0.873

Type  : Hold 'clockdivider:clk_outs_inst|JK_ff:tff17|q'
Slack : -0.872
TNS   : -0.872

Type  : Hold 'clockdivider:clk_outs_inst|JK_ff:tff2|q'
Slack : -0.872
TNS   : -0.872

Type  : Hold 'clockdivider:clk_outs_inst|JK_ff:tff3|q'
Slack : -0.862
TNS   : -0.862

Type  : Hold 'contador_3bits:counter_inst|JK_ff:jk_inst_Q0|q'
Slack : -0.610
TNS   : -0.610

Type  : Hold 'clockdivider:clk_outs_inst|JK_ff:tff10|q'
Slack : -0.521
TNS   : -0.521

Type  : Hold 'clockdivider:clk_outs_inst|JK_ff:tff16|q'
Slack : -0.521
TNS   : -0.521

Type  : Hold 'clockdivider:clk_outs_inst|JK_ff:tff18|q'
Slack : -0.521
TNS   : -0.521

Type  : Hold 'clockdivider:clk_outs_inst|JK_ff:tff23|q'
Slack : -0.521
TNS   : -0.521

Type  : Hold 'clockdivider:clk_outs_inst|JK_ff:tff4|q'
Slack : -0.521
TNS   : -0.521

Type  : Hold 'clockdivider:clk_outs_inst|JK_ff:tff8|q'
Slack : -0.521
TNS   : -0.521

Type  : Hold 'clockdivider:clk_outs_inst|JK_ff:tff12|q'
Slack : -0.520
TNS   : -0.520

Type  : Hold 'clockdivider:clk_outs_inst|JK_ff:tff14|q'
Slack : -0.520
TNS   : -0.520

Type  : Hold 'clockdivider:clk_outs_inst|JK_ff:tff21|q'
Slack : -0.520
TNS   : -0.520

Type  : Hold 'clockdivider:clk_outs_inst|JK_ff:tff6|q'
Slack : -0.520
TNS   : -0.520

Type  : Hold 'clockdivider:clk_outs_inst|JK_ff:tff1|q'
Slack : -0.512
TNS   : -0.512

Type  : Hold 'clockdivider:clk_outs_inst|JK_ff:tff25|q'
Slack : -0.263
TNS   : -0.263

Type  : Hold 'contador_3bits:counter_inst|JK_ff:jk_inst_Q1|q'
Slack : 1.660
TNS   : 0.000

Type  : Recovery 'contador_3bits:counter_inst|JK_ff:jk_inst_Q1|q'
Slack : -4.763
TNS   : -4.763

Type  : Recovery 'contador_3bits:counter_inst|JK_ff:jk_inst_Q0|q'
Slack : -4.400
TNS   : -4.400

Type  : Recovery 'clockdivider:clk_outs_inst|JK_ff:tff27|q'
Slack : -3.922
TNS   : -3.922

Type  : Recovery 'clockdivider:clk_outs_inst|JK_ff:tff26|q'
Slack : -2.248
TNS   : -2.248

Type  : Removal 'clockdivider:clk_outs_inst|JK_ff:tff26|q'
Slack : 0.382
TNS   : 0.000

Type  : Removal 'clockdivider:clk_outs_inst|JK_ff:tff27|q'
Slack : 2.056
TNS   : 0.000

Type  : Removal 'contador_3bits:counter_inst|JK_ff:jk_inst_Q0|q'
Slack : 3.034
TNS   : 0.000

Type  : Removal 'contador_3bits:counter_inst|JK_ff:jk_inst_Q1|q'
Slack : 3.397
TNS   : 0.000

Type  : Minimum Pulse Width 'clk_ini'
Slack : -2.289
TNS   : -2.289

Type  : Minimum Pulse Width 'clockdivider:clk_outs_inst|JK_ff:tff10|q'
Slack : 0.234
TNS   : 0.000

Type  : Minimum Pulse Width 'clockdivider:clk_outs_inst|JK_ff:tff11|q'
Slack : 0.234
TNS   : 0.000

Type  : Minimum Pulse Width 'clockdivider:clk_outs_inst|JK_ff:tff12|q'
Slack : 0.234
TNS   : 0.000

Type  : Minimum Pulse Width 'clockdivider:clk_outs_inst|JK_ff:tff13|q'
Slack : 0.234
TNS   : 0.000

Type  : Minimum Pulse Width 'clockdivider:clk_outs_inst|JK_ff:tff14|q'
Slack : 0.234
TNS   : 0.000

Type  : Minimum Pulse Width 'clockdivider:clk_outs_inst|JK_ff:tff15|q'
Slack : 0.234
TNS   : 0.000

Type  : Minimum Pulse Width 'clockdivider:clk_outs_inst|JK_ff:tff16|q'
Slack : 0.234
TNS   : 0.000

Type  : Minimum Pulse Width 'clockdivider:clk_outs_inst|JK_ff:tff17|q'
Slack : 0.234
TNS   : 0.000

Type  : Minimum Pulse Width 'clockdivider:clk_outs_inst|JK_ff:tff18|q'
Slack : 0.234
TNS   : 0.000

Type  : Minimum Pulse Width 'clockdivider:clk_outs_inst|JK_ff:tff19|q'
Slack : 0.234
TNS   : 0.000

Type  : Minimum Pulse Width 'clockdivider:clk_outs_inst|JK_ff:tff1|q'
Slack : 0.234
TNS   : 0.000

Type  : Minimum Pulse Width 'clockdivider:clk_outs_inst|JK_ff:tff20|q'
Slack : 0.234
TNS   : 0.000

Type  : Minimum Pulse Width 'clockdivider:clk_outs_inst|JK_ff:tff21|q'
Slack : 0.234
TNS   : 0.000

Type  : Minimum Pulse Width 'clockdivider:clk_outs_inst|JK_ff:tff22|q'
Slack : 0.234
TNS   : 0.000

Type  : Minimum Pulse Width 'clockdivider:clk_outs_inst|JK_ff:tff23|q'
Slack : 0.234
TNS   : 0.000

Type  : Minimum Pulse Width 'clockdivider:clk_outs_inst|JK_ff:tff24|q'
Slack : 0.234
TNS   : 0.000

Type  : Minimum Pulse Width 'clockdivider:clk_outs_inst|JK_ff:tff25|q'
Slack : 0.234
TNS   : 0.000

Type  : Minimum Pulse Width 'clockdivider:clk_outs_inst|JK_ff:tff26|q'
Slack : 0.234
TNS   : 0.000

Type  : Minimum Pulse Width 'clockdivider:clk_outs_inst|JK_ff:tff27|q'
Slack : 0.234
TNS   : 0.000

Type  : Minimum Pulse Width 'clockdivider:clk_outs_inst|JK_ff:tff2|q'
Slack : 0.234
TNS   : 0.000

Type  : Minimum Pulse Width 'clockdivider:clk_outs_inst|JK_ff:tff3|q'
Slack : 0.234
TNS   : 0.000

Type  : Minimum Pulse Width 'clockdivider:clk_outs_inst|JK_ff:tff4|q'
Slack : 0.234
TNS   : 0.000

Type  : Minimum Pulse Width 'clockdivider:clk_outs_inst|JK_ff:tff5|q'
Slack : 0.234
TNS   : 0.000

Type  : Minimum Pulse Width 'clockdivider:clk_outs_inst|JK_ff:tff6|q'
Slack : 0.234
TNS   : 0.000

Type  : Minimum Pulse Width 'clockdivider:clk_outs_inst|JK_ff:tff7|q'
Slack : 0.234
TNS   : 0.000

Type  : Minimum Pulse Width 'clockdivider:clk_outs_inst|JK_ff:tff8|q'
Slack : 0.234
TNS   : 0.000

Type  : Minimum Pulse Width 'clockdivider:clk_outs_inst|JK_ff:tff9|q'
Slack : 0.234
TNS   : 0.000

Type  : Minimum Pulse Width 'contador_3bits:counter_inst|JK_ff:jk_inst_Q0|q'
Slack : 0.234
TNS   : 0.000

Type  : Minimum Pulse Width 'contador_3bits:counter_inst|JK_ff:jk_inst_Q1|q'
Slack : 0.234
TNS   : 0.000

------------------------------------------------------------
